// Jest Snapshot v1, https://goo.gl/fbAQLP

exports[`render just views 1`] = `
<_class
  style={
    Array [
      Object {
        "backgroundColor": "#fafdff",
        "flex": 1,
      },
      Object {
        "backgroundColor": "#fafdff",
      },
    ]
  }
>
  <RCTScrollView
    contentContainerStyle={
      Object {
        "minHeight": 1220,
      }
    }
    keyboardShouldPersistTaps="handled"
    style={
      Object {
        "flex": 1,
      }
    }
  >
    <_class>
      <_class
        onLayout={[Function]}
        pointerEvents="box-none"
        style={
          Object {
            "flex": 1,
            "paddingBottom": 0,
            "paddingLeft": 0,
            "paddingRight": 0,
            "paddingTop": 20,
          }
        }
      >
        <_class
          style={
            Array [
              Object {
                "paddingHorizontal": 20,
              },
              Object {
                "justifyContent": "center",
              },
              Object {
                "flex": 1,
                "paddingTop": 20,
              },
              undefined,
            ]
          }
        >
          <_class
            onLayout={[Function]}
            style={
              Object {
                "paddingBottom": 0,
              }
            }
          >
            <_class
              style={
                Object {
                  "alignSelf": "center",
                  "marginBottom": 60,
                  "width": 280,
                }
              }
            >
              <_class
                style={
                  Array [
                    Object {
                      "flexDirection": "column",
                      "marginBottom": 20,
                      "marginTop": 10,
                      "position": "relative",
                    },
                    Object {
                      "marginBottom": 0,
                    },
                  ]
                }
              >
                <_class
                  style={
                    Array [
                      Object {
                        "alignItems": "center",
                        "flexDirection": "row",
                        "paddingBottom": 4,
                      },
                      undefined,
                    ]
                  }
                />
                <_class
                  style={
                    Array [
                      Object {
                        "position": "relative",
                      },
                      undefined,
                    ]
                  }
                >
                  <TextInput
                    allowFontScaling={true}
                    autoCapitalize="sentences"
                    autoCorrect={true}
                    editable={true}
                    keyboardType="default"
                    onBlur={[Function]}
                    onChangeText={[Function]}
                    onFocus={[Function]}
                    onSubmitEditing={[Function]}
                    placeholder="Label"
                    placeholderTextColor="#65748b"
                    rejectResponderTermination={true}
                    returnKeyType="next"
                    selectionColor="#65748b"
                    style={
                      Array [
                        Object {
                          "backgroundColor": "#FFFFFF",
                          "borderColor": "#f2f4f9",
                          "borderRadius": 10,
                          "borderWidth": 1,
                          "color": "#38414e",
                          "fontFamily": "Nunito",
                          "fontSize": 15,
                          "fontStyle": "normal",
                          "fontWeight": "400",
                          "paddingBottom": 10,
                          "paddingLeft": 10,
                          "paddingRight": 8,
                          "paddingTop": 10,
                          "textDecorationLine": "none",
                        },
                        Object {
                          "paddingLeft": 40,
                        },
                        false,
                        false,
                        Object {
                          "paddingRight": 40,
                        },
                        Object {},
                      ]
                    }
                    underlineColorAndroid="transparent"
                    value=""
                  />
                  <_class
                    style={
                      Object {
                        "bottom": 1,
                        "justifyContent": "center",
                        "left": 12,
                        "position": "absolute",
                        "top": 0,
                      }
                    }
                  >
                    <Text
                      allowFontScaling={false}
                      style={
                        Array [
                          Object {
                            "color": undefined,
                            "fontSize": 12,
                          },
                          Array [
                            Object {
                              "color": "#65748b",
                              "fontSize": 20,
                            },
                            false,
                            false,
                            Object {
                              "color": "#65748b",
                            },
                          ],
                          Object {
                            "fontFamily": "Feather",
                            "fontStyle": "normal",
                            "fontWeight": "normal",
                          },
                          Object {},
                        ]
                      }
                    >
                      ï‡Ÿ
                    </Text>
                  </_class>
                  <_class
                    style={
                      Array [
                        Object {
                          "position": "absolute",
                          "right": -60,
                        },
                        undefined,
                      ]
                    }
                  />
                </_class>
              </_class>
              <_class
                style={
                  Array [
                    Object {
                      "flexDirection": "column",
                      "marginBottom": 20,
                      "marginTop": 10,
                      "position": "relative",
                    },
                    Object {
                      "marginBottom": 0,
                    },
                  ]
                }
              >
                <_class
                  style={
                    Array [
                      Object {
                        "alignItems": "center",
                        "flexDirection": "row",
                        "paddingBottom": 4,
                      },
                      undefined,
                    ]
                  }
                />
                <_class
                  style={
                    Array [
                      Object {
                        "position": "relative",
                      },
                      undefined,
                    ]
                  }
                >
                  <TextInput
                    allowFontScaling={true}
                    autoCapitalize="sentences"
                    autoCorrect={true}
                    editable={true}
                    keyboardType="default"
                    onBlur={[Function]}
                    onChangeText={[Function]}
                    onFocus={[Function]}
                    onSubmitEditing={[Function]}
                    placeholder="Hint (optional)"
                    placeholderTextColor="#65748b"
                    rejectResponderTermination={true}
                    returnKeyType="next"
                    selectionColor="#65748b"
                    style={
                      Array [
                        Object {
                          "backgroundColor": "#FFFFFF",
                          "borderColor": "#f2f4f9",
                          "borderRadius": 10,
                          "borderWidth": 1,
                          "color": "#38414e",
                          "fontFamily": "Nunito",
                          "fontSize": 15,
                          "fontStyle": "normal",
                          "fontWeight": "400",
                          "paddingBottom": 10,
                          "paddingLeft": 10,
                          "paddingRight": 8,
                          "paddingTop": 10,
                          "textDecorationLine": "none",
                        },
                        Object {
                          "paddingLeft": 40,
                        },
                        false,
                        false,
                        Object {
                          "paddingRight": 40,
                        },
                        Object {},
                      ]
                    }
                    underlineColorAndroid="transparent"
                    value=""
                  />
                  <_class
                    style={
                      Object {
                        "bottom": 1,
                        "justifyContent": "center",
                        "left": 12,
                        "position": "absolute",
                        "top": 0,
                      }
                    }
                  >
                    <Text
                      allowFontScaling={false}
                      style={
                        Array [
                          Object {
                            "color": undefined,
                            "fontSize": 12,
                          },
                          Array [
                            Object {
                              "color": "#65748b",
                              "fontSize": 20,
                            },
                            false,
                            false,
                            undefined,
                          ],
                          Object {
                            "fontFamily": "Feather",
                            "fontStyle": "normal",
                            "fontWeight": "normal",
                          },
                          Object {},
                        ]
                      }
                    >
                      ï…¡
                    </Text>
                  </_class>
                  <_class
                    style={
                      Array [
                        Object {
                          "position": "absolute",
                          "right": -60,
                        },
                        undefined,
                      ]
                    }
                  />
                </_class>
              </_class>
              <_class
                style={
                  Array [
                    Object {
                      "alignItems": "center",
                    },
                    Object {
                      "marginTop": 20,
                    },
                  ]
                }
              >
                <_class
                  style={
                    Array [
                      Object {
                        "backgroundColor": "#9066f5",
                        "height": 1,
                        "left": 0,
                        "opacity": 0.5,
                        "position": "absolute",
                        "right": 0,
                        "top": 12,
                      },
                      Object {
                        "backgroundColor": "#c2d0e7",
                      },
                      false,
                    ]
                  }
                />
                <_class
                  style={
                    Array [
                      Object {
                        "backgroundColor": "#4531cd",
                        "borderRadius": 10,
                        "paddingBottom": 4,
                        "paddingLeft": 8,
                        "paddingRight": 8,
                        "paddingTop": 6,
                      },
                      Object {
                        "backgroundColor": "#6781a6",
                      },
                      false,
                    ]
                  }
                >
                  <Text
                    style={
                      Array [
                        Object {
                          "fontFamily": "Nunito",
                          "fontSize": undefined,
                          "fontStyle": "normal",
                          "fontWeight": "400",
                        },
                        Object {},
                        Object {
                          "color": "#FFFFFF",
                          "fontSize": 13,
                          "lineHeight": 14,
                          "minWidth": 20,
                          "textAlign": "center",
                        },
                      ]
                    }
                  >
                    Sensitive credentials
                  </Text>
                </_class>
              </_class>
              <_class
                style={
                  Array [
                    Object {
                      "flexDirection": "column",
                      "marginBottom": 20,
                      "marginTop": 10,
                      "position": "relative",
                    },
                    Object {
                      "marginBottom": 0,
                    },
                  ]
                }
              >
                <_class
                  style={
                    Array [
                      Object {
                        "alignItems": "center",
                        "flexDirection": "row",
                        "paddingBottom": 4,
                      },
                      undefined,
                    ]
                  }
                />
                <_class
                  style={
                    Array [
                      Object {
                        "position": "relative",
                      },
                      undefined,
                    ]
                  }
                >
                  <TextInput
                    allowFontScaling={true}
                    autoCapitalize="none"
                    autoCompleteType="off"
                    autoCorrect={false}
                    editable={true}
                    keyboardType="default"
                    onBlur={[Function]}
                    onChangeText={[Function]}
                    onFocus={[Function]}
                    onSubmitEditing={[Function]}
                    placeholder="Username"
                    placeholderTextColor="#65748b"
                    rejectResponderTermination={true}
                    returnKeyType="next"
                    selectionColor="#65748b"
                    style={
                      Array [
                        Object {
                          "backgroundColor": "#FFFFFF",
                          "borderColor": "#f2f4f9",
                          "borderRadius": 10,
                          "borderWidth": 1,
                          "color": "#38414e",
                          "fontFamily": "Nunito",
                          "fontSize": 15,
                          "fontStyle": "normal",
                          "fontWeight": "400",
                          "paddingBottom": 10,
                          "paddingLeft": 10,
                          "paddingRight": 8,
                          "paddingTop": 10,
                          "textDecorationLine": "none",
                        },
                        Object {
                          "paddingLeft": 40,
                        },
                        false,
                        false,
                        Object {
                          "paddingRight": 40,
                        },
                        Object {},
                      ]
                    }
                    underlineColorAndroid="transparent"
                    value=""
                  />
                  <_class
                    style={
                      Object {
                        "bottom": 1,
                        "justifyContent": "center",
                        "left": 12,
                        "position": "absolute",
                        "top": 0,
                      }
                    }
                  >
                    <Text
                      allowFontScaling={false}
                      style={
                        Array [
                          Object {
                            "color": undefined,
                            "fontSize": 12,
                          },
                          Array [
                            Object {
                              "color": "#65748b",
                              "fontSize": 20,
                            },
                            false,
                            false,
                            undefined,
                          ],
                          Object {
                            "fontFamily": "Feather",
                            "fontStyle": "normal",
                            "fontWeight": "normal",
                          },
                          Object {},
                        ]
                      }
                    >
                      ï‡¶
                    </Text>
                  </_class>
                  <_class
                    style={
                      Array [
                        Object {
                          "position": "absolute",
                          "right": -60,
                        },
                        undefined,
                      ]
                    }
                  />
                </_class>
              </_class>
              <_class
                style={
                  Array [
                    Object {
                      "flexDirection": "column",
                      "marginBottom": 20,
                      "marginTop": 10,
                      "position": "relative",
                    },
                    Object {
                      "marginBottom": 0,
                    },
                  ]
                }
              >
                <_class
                  style={
                    Array [
                      Object {
                        "alignItems": "center",
                        "flexDirection": "row",
                        "paddingBottom": 4,
                      },
                      undefined,
                    ]
                  }
                />
                <_class
                  style={
                    Array [
                      Object {
                        "position": "relative",
                      },
                      undefined,
                    ]
                  }
                >
                  <TextInput
                    allowFontScaling={true}
                    autoCapitalize="none"
                    autoCompleteType="off"
                    autoCorrect={false}
                    editable={true}
                    keyboardType="default"
                    onBlur={[Function]}
                    onChangeText={[Function]}
                    onFocus={[Function]}
                    onSubmitEditing={[Function]}
                    placeholder="Password"
                    placeholderTextColor="#65748b"
                    rejectResponderTermination={true}
                    returnKeyType="next"
                    secureTextEntry={true}
                    selectionColor="#65748b"
                    style={
                      Array [
                        Object {
                          "backgroundColor": "#FFFFFF",
                          "borderColor": "#f2f4f9",
                          "borderRadius": 10,
                          "borderWidth": 1,
                          "color": "#38414e",
                          "fontFamily": "Nunito",
                          "fontSize": 15,
                          "fontStyle": "normal",
                          "fontWeight": "400",
                          "paddingBottom": 10,
                          "paddingLeft": 10,
                          "paddingRight": 8,
                          "paddingTop": 10,
                          "textDecorationLine": "none",
                        },
                        Object {
                          "paddingLeft": 40,
                        },
                        false,
                        false,
                        Object {
                          "paddingRight": 40,
                        },
                        Object {},
                      ]
                    }
                    underlineColorAndroid="transparent"
                    value=""
                  />
                  <_class
                    style={
                      Object {
                        "bottom": 1,
                        "justifyContent": "center",
                        "left": 12,
                        "position": "absolute",
                        "top": 0,
                      }
                    }
                  >
                    <Text
                      allowFontScaling={false}
                      style={
                        Array [
                          Object {
                            "color": undefined,
                            "fontSize": 12,
                          },
                          Array [
                            Object {
                              "color": "#65748b",
                              "fontSize": 20,
                            },
                            false,
                            false,
                            undefined,
                          ],
                          Object {
                            "fontFamily": "Feather",
                            "fontStyle": "normal",
                            "fontWeight": "normal",
                          },
                          Object {},
                        ]
                      }
                    >
                      ï†‰
                    </Text>
                  </_class>
                  <_class
                    style={
                      Array [
                        Object {
                          "position": "absolute",
                          "right": -60,
                        },
                        undefined,
                      ]
                    }
                  />
                </_class>
              </_class>
              <_class
                style={
                  Array [
                    Object {
                      "flexDirection": "column",
                      "marginBottom": 20,
                      "marginTop": 10,
                      "position": "relative",
                    },
                    Object {
                      "marginBottom": 0,
                    },
                  ]
                }
              >
                <_class
                  style={
                    Array [
                      Object {
                        "alignItems": "center",
                        "flexDirection": "row",
                        "paddingBottom": 4,
                      },
                      undefined,
                    ]
                  }
                />
                <_class
                  style={
                    Array [
                      Object {
                        "position": "relative",
                      },
                      undefined,
                    ]
                  }
                >
                  <TextInput
                    allowFontScaling={true}
                    autoCapitalize="none"
                    autoCompleteType="off"
                    autoCorrect={false}
                    blurOnSubmit={true}
                    editable={true}
                    keyboardType="default"
                    onBlur={[Function]}
                    onChangeText={[Function]}
                    onFocus={[Function]}
                    onSubmitEditing={[Function]}
                    placeholder="Repeat password"
                    placeholderTextColor="#65748b"
                    rejectResponderTermination={true}
                    returnKeyType="done"
                    secureTextEntry={true}
                    selectionColor="#65748b"
                    style={
                      Array [
                        Object {
                          "backgroundColor": "#FFFFFF",
                          "borderColor": "#f2f4f9",
                          "borderRadius": 10,
                          "borderWidth": 1,
                          "color": "#38414e",
                          "fontFamily": "Nunito",
                          "fontSize": 15,
                          "fontStyle": "normal",
                          "fontWeight": "400",
                          "paddingBottom": 10,
                          "paddingLeft": 10,
                          "paddingRight": 8,
                          "paddingTop": 10,
                          "textDecorationLine": "none",
                        },
                        Object {
                          "paddingLeft": 40,
                        },
                        false,
                        false,
                        Object {
                          "paddingRight": 40,
                        },
                        Object {},
                      ]
                    }
                    underlineColorAndroid="transparent"
                    value=""
                  />
                  <_class
                    style={
                      Object {
                        "bottom": 1,
                        "justifyContent": "center",
                        "left": 12,
                        "position": "absolute",
                        "top": 0,
                      }
                    }
                  >
                    <Text
                      allowFontScaling={false}
                      style={
                        Array [
                          Object {
                            "color": undefined,
                            "fontSize": 12,
                          },
                          Array [
                            Object {
                              "color": "#65748b",
                              "fontSize": 20,
                            },
                            false,
                            false,
                            undefined,
                          ],
                          Object {
                            "fontFamily": "Feather",
                            "fontStyle": "normal",
                            "fontWeight": "normal",
                          },
                          Object {},
                        ]
                      }
                    >
                      ï†‰
                    </Text>
                  </_class>
                  <_class
                    style={
                      Array [
                        Object {
                          "position": "absolute",
                          "right": -60,
                        },
                        undefined,
                      ]
                    }
                  />
                </_class>
              </_class>
              <_class
                accessible={true}
                isTVSelectable={true}
                onResponderGrant={[Function]}
                onResponderMove={[Function]}
                onResponderRelease={[Function]}
                onResponderTerminate={[Function]}
                onResponderTerminationRequest={[Function]}
                onStartShouldSetResponder={[Function]}
                style={
                  Object {
                    "backgroundColor": "#9066f5",
                    "borderColor": "#9066f5",
                    "borderRadius": 10,
                    "flexDirection": "row",
                    "justifyContent": "center",
                    "margin": 0,
                    "marginTop": 20,
                    "opacity": 1,
                    "padding": 12,
                    "zIndex": 1,
                  }
                }
                testID="button_touchable"
              >
                <Text
                  style={
                    Array [
                      Object {
                        "fontFamily": "Nunito",
                        "fontSize": undefined,
                        "fontStyle": "normal",
                        "fontWeight": "400",
                      },
                      Object {},
                      Array [
                        Object {
                          "color": "#FFFFFF",
                          "fontSize": 14,
                          "textAlign": "center",
                        },
                        undefined,
                        undefined,
                      ],
                    ]
                  }
                >
                  Add secret account
                </Text>
              </_class>
            </_class>
          </_class>
        </_class>
      </_class>
    </_class>
  </RCTScrollView>
</_class>
`;
