// Jest Snapshot v1, https://goo.gl/fbAQLP

exports[`render just views 1`] = `
<View
  style={
    Array [
      Object {
        "alignItems": "center",
        "backgroundColor": "#e91e63",
        "borderRadius": 10,
        "flexDirection": "row",
        "justifyContent": "center",
        "padding": 12,
      },
      Object {
        "backgroundColor": "#e91e63",
      },
      undefined,
    ]
  }
>
  <Text
    allowFontScaling={false}
    style={
      Array [
        Object {
          "color": undefined,
          "fontSize": 12,
        },
        Object {
          "alignSelf": "flex-start",
          "color": "#FFFFFF",
          "fontSize": 18,
          "marginRight": 6,
          "marginTop": 2,
          "opacity": 0.8,
        },
        Object {
          "fontFamily": "Feather",
          "fontStyle": "normal",
          "fontWeight": "normal",
        },
        Object {},
      ]
    }
  >
    ï„‚
  </Text>
  <View
    style={
      Object {
        "flex": 1,
      }
    }
  >
    <Text
      style={
        Array [
          Object {
            "fontFamily": "Nunito",
            "fontSize": undefined,
            "fontStyle": "normal",
            "fontWeight": "400",
          },
          Object {},
          Object {
            "color": "#FFFFFF",
            "fontSize": 13,
          },
        ]
      }
    >
      sample
    </Text>
  </View>
</View>
`;
