// Jest Snapshot v1, https://goo.gl/fbAQLP

exports[`render just views 1`] = `
<View
  style={
    Array [
      false,
      false,
      false,
      undefined,
    ]
  }
>
  <ActivityIndicator
    animating={true}
    color="#4531cd"
    hidesWhenStopped={true}
    size="small"
  />
</View>
`;
