// Jest Snapshot v1, https://goo.gl/fbAQLP

exports[`render just views 1`] = `
<_class
  style={
    Array [
      Object {
        "alignItems": "center",
      },
      undefined,
    ]
  }
>
  <_class
    style={
      Array [
        Object {
          "backgroundColor": "#9066f5",
          "height": 1,
          "left": 0,
          "opacity": 0.5,
          "position": "absolute",
          "right": 0,
          "top": 12,
        },
        false,
        false,
      ]
    }
  />
  <_class
    style={
      Array [
        Object {
          "backgroundColor": "#4531cd",
          "borderRadius": 10,
          "paddingBottom": 4,
          "paddingLeft": 8,
          "paddingRight": 8,
          "paddingTop": 6,
        },
        false,
        false,
      ]
    }
  >
    <Text
      style={
        Array [
          Object {
            "fontFamily": "Nunito",
            "fontSize": undefined,
            "fontStyle": "normal",
            "fontWeight": "400",
          },
          Object {},
          Object {
            "color": "#FFFFFF",
            "fontSize": 13,
            "lineHeight": 14,
            "minWidth": 20,
            "textAlign": "center",
          },
        ]
      }
    >
      sample
    </Text>
  </_class>
</_class>
`;
