// Jest Snapshot v1, https://goo.gl/fbAQLP

exports[`render just views 1`] = `
<Text
  style={
    Array [
      Object {
        "fontFamily": "Nunito",
        "fontSize": undefined,
        "fontStyle": "normal",
        "fontWeight": "400",
      },
      Object {},
      Array [
        Object {
          "color": "#e91e63",
          "fontSize": 13,
        },
        false,
        undefined,
      ],
    ]
  }
>
  test
  .
</Text>
`;
