// Jest Snapshot v1, https://goo.gl/fbAQLP

exports[`render just views 1`] = `<_class />`;
