// Jest Snapshot v1, https://goo.gl/fbAQLP

exports[`render just views 1`] = `
<View
  style={
    Object {
      "alignItems": "center",
      "justifyContent": "center",
      "padding": 30,
    }
  }
>
  <View
    style={
      Object {
        "alignSelf": "center",
        "backgroundColor": "#38414e",
        "borderColor": "#c2d0e7",
        "borderRadius": 22,
        "borderWidth": 1,
        "marginBottom": 10,
        "overflow": "hidden",
      }
    }
  >
    <Image
      resizeMode="stretch"
      source={
        Object {
          "testUri": "../../../src/assets/images/logo.png",
        }
      }
      style={
        Object {
          "height": 90,
          "width": 90,
        }
      }
    />
  </View>
  <Text
    style={
      Array [
        Object {
          "fontFamily": "Nunito",
          "fontSize": undefined,
          "fontStyle": "normal",
          "fontWeight": "300",
        },
        Object {},
        Object {
          "color": "#65748b",
          "textAlign": "center",
        },
      ]
    }
  >
    The first thing you should do is add a 
    <Text
      style={
        Array [
          Object {
            "fontFamily": "Nunito",
            "fontSize": undefined,
            "fontStyle": "normal",
            "fontWeight": "600",
          },
          Object {},
          undefined,
        ]
      }
    >
      Secret account
    </Text>
  </Text>
  <View
    accessible={true}
    focusable={true}
    isTVSelectable={true}
    onClick={[Function]}
    onResponderGrant={[Function]}
    onResponderMove={[Function]}
    onResponderRelease={[Function]}
    onResponderTerminate={[Function]}
    onResponderTerminationRequest={[Function]}
    onStartShouldSetResponder={[Function]}
    style={
      Object {
        "backgroundColor": "#9066f5",
        "borderColor": "#9066f5",
        "borderRadius": 10,
        "flexDirection": "row",
        "justifyContent": "center",
        "margin": 0,
        "marginTop": 20,
        "opacity": 1,
        "padding": 12,
        "zIndex": 1,
      }
    }
    testID="button_touchable"
  >
    <Text
      allowFontScaling={false}
      style={
        Array [
          Object {
            "color": undefined,
            "fontSize": 12,
          },
          Array [
            Object {
              "color": "#FFFFFF",
              "fontSize": 14,
              "marginRight": 4,
              "top": 3,
            },
            Object {
              "color": "#FFFFFF",
            },
            undefined,
          ],
          Object {
            "fontFamily": "Feather",
            "fontStyle": "normal",
            "fontWeight": "normal",
          },
          Object {},
        ]
      }
    >
      ï†µ
    </Text>
    <Text
      style={
        Array [
          Object {
            "fontFamily": "Nunito",
            "fontSize": undefined,
            "fontStyle": "normal",
            "fontWeight": "400",
          },
          Object {},
          Array [
            Object {
              "color": "#FFFFFF",
              "fontSize": 14,
              "textAlign": "center",
            },
            Object {
              "color": "#FFFFFF",
            },
            undefined,
          ],
        ]
      }
    >
      Add first secret account
    </Text>
  </View>
</View>
`;
