// Jest Snapshot v1, https://goo.gl/fbAQLP

exports[`render just views 1`] = `
<_class
  style={
    Object {
      "backgroundColor": "#f2f4f9",
      "borderRadius": 10,
      "padding": 10,
    }
  }
>
  <Text
    style={
      Array [
        Object {
          "fontFamily": "Nunito",
          "fontSize": undefined,
          "fontStyle": "normal",
          "fontWeight": "400",
        },
        Object {},
        Object {
          "color": "#38414e",
          "fontSize": 13,
        },
      ]
    }
  >
    your device does not have any supported method, try another device.
  </Text>
</_class>
`;
